Microchip MPLAB XC8 Compiler V2.32

Linker command line:

-W-3 --edf=C:\Program Files\Microchip\xc8\v2.32\pic\dat\en_msgs.txt -cn \
  -h+dist/default/production\pic18f47q10-cnano-write-mcc.X.production.sym \
  --cmf=dist/default/production\pic18f47q10-cnano-write-mcc.X.production.cmf \
  -z -Q18F47Q10 -oC:\Users\M63376\AppData\Local\Temp\xcAsis0.4 \
  --defsym=__MPLAB_BUILD=1 \
  -Mdist/default/production/pic18f47q10-cnano-write-mcc.X.production.map \
  -E1 -ver=XC8 Compiler --acfsm=1493 -ASTACK=060h-0E1Eh -pstack=STACK \
  -ACODE=00h-01FFFFh -ACONST=00h-01FFFFh -ASMALLCONST=0F00h-0FFFhx497 \
  -AMEDIUMCONST=0F00h-0FFFFh,010F00h-01FFFFh -ACOMRAM=01h-05Fh \
  -AABS1=00h-0E1Eh -ABIGRAM=01h-0E1Eh \
  -ARAM=060h-0FFh,0100h-01FFhx13,0E00h-0E1Eh -ABANK0=060h-0FFh \
  -ABANK1=0100h-01FFh -ABANK2=0200h-02FFh -ABANK3=0300h-03FFh \
  -ABANK4=0400h-04FFh -ABANK5=0500h-05FFh -ABANK6=0600h-06FFh \
  -ABANK7=0700h-07FFh -ABANK8=0800h-08FFh -ABANK9=0900h-09FFh \
  -ABANK10=0A00h-0AFFh -ABANK11=0B00h-0BFFh -ABANK12=0C00h-0CFFh \
  -ABANK13=0D00h-0DFFh -ABANK14=0E00h-0E1Eh \
  -ASFR=0E1Fh-0EFFh,0F00h-0F5Fh,0F60h-0FFFh -ACONFIG=0300000h-030000Bh \
  -AIDLOC=0200000h-02000FFh -AEEDATA=0310000h-03103FFh -peeprom_data=EEDATA \
  -preset_vec=00h,intcode,intcodelo,powerup,init -pramtop=0F00h \
  -psmallconst=SMALLCONST -pmediumconst=MEDIUMCONST -pconst=CONST \
  -AFARRAM=00h-00h \
  -prdata=COMRAM,nvrram=COMRAM,nvbit=COMRAM,rbss=COMRAM,rbit=COMRAM \
  -pfarbss=FARRAM,fardata=FARRAM,nvFARRAM=FARRAM \
  -pintsave_regs=BIGRAM,bigbss=BIGRAM,bigdata=BIGRAM -pbss=RAM \
  -pidata=CODE,irdata=CODE,ibigdata=CODE,ifardata=CODE -prparam=COMRAM \
  C:\Users\M63376\AppData\Local\Temp\xcAsis0.o \
  dist/default/production\pic18f47q10-cnano-write-mcc.X.production.o 

Object code version is 3.11

Machine type is 18F47Q10



                Name                               Link     Load   Length Selector   Space Scale
C:\Users\M63376\AppData\Local\Temp\xcAsis0.o
                idloc                            200000   200000      100        0       5
                config                           300000   300000        C        0       4
                init                                  0        0        4        0       0
dist/default/production\pic18f47q10-cnano-write-mcc.X.production.o
                idloc                            200000   200000      100        0       5
                config                           300000   300000        C        0       4
                smallconst                          F00      F00       3C      780       0
                text44                             1666     1666        C      79E       0
                text43                             16DE     16DE        2      79E       0
                text42                             16BE     16BE        6      79E       0
                text41                             16B8     16B8        6      79E       0
                text40                             16B2     16B2        6      79E       0
                text39                             16AC     16AC        6      79E       0
                text38                             14C0     14C0       2C      79E       0
                text37                             16D8     16D8        4      79E       0
                text36                             16A6     16A6        6      79E       0
                text35                             16D4     16D4        4      79E       0
                text34                             15E6     15E6       14      79E       0
                text33                             16A0     16A0        6      79E       0
                text32                             16D0     16D0        4      79E       0
                text31                             16CC     16CC        4      79E       0
                text30                             1698     1698        8      79E       0
                text29                             16C8     16C8        4      79E       0
                text28                             1386     1386       5C      79E       0
                text27                             1690     1690        8      79E       0
                text26                             165A     165A        C      79E       0
                text25                             164E     164E        C      79E       0
                text24                             12B2     12B2       74      79E       0
                text23                             1686     1686        A      79E       0
                text22                             167C     167C        A      79E       0
                text21                             1642     1642        C      79E       0
                text20                             1636     1636        C      79E       0
                text19                             1326     1326       60      79E       0
                text18                             15D2     15D2       14      79E       0
                text17                             15BE     15BE       14      79E       0
                text16                             15AA     15AA       14      79E       0
                text15                             1210     1210       A2      79E       0
                text14                             1480     1480       40      79E       0
                text13                             1516     1516       2A      79E       0
                text12                             16C4     16C4        4      79E       0
                text11                             1672     1672        A      79E       0
                text10                             13E2     13E2       58      79E       0
                text9                              158A     158A       20      79E       0
                text8                              1568     1568       22      79E       0
                text7                              1540     1540       28      79E       0
                text6                              1628     1628        E      79E       0
                text5                              161A     161A        E      79E       0
                text4                              160C     160C        E      79E       0
                text3                              143A     143A       46      79E       0
                text2                              115A     115A       B6      79E       0
                text1                              15FA     15FA       12      79E       0
                text0                               F3C      F3C      21E      79E       0
                cstackCOMRAM                         1B       1B        C        1       1
                dataCOMRAM                           27       27        2        1       1
                bssCOMRAM                             1        1       1A        1       1
                cinit                              14EC     14EC       2A      79E       0
                idataCOMRAM                        16DC     16DC        2      79E       0

TOTAL           Name                               Link     Load   Length     Space
        CLASS   STACK          

        CLASS   CODE           
                init                                  0        0        4         0
                text44                             1666     1666        C         0
                text43                             16DE     16DE        2         0
                text42                             16BE     16BE        6         0
                text41                             16B8     16B8        6         0
                text40                             16B2     16B2        6         0
                text39                             16AC     16AC        6         0
                text38                             14C0     14C0       2C         0
                text37                             16D8     16D8        4         0
                text36                             16A6     16A6        6         0
                text35                             16D4     16D4        4         0
                text34                             15E6     15E6       14         0
                text33                             16A0     16A0        6         0
                text32                             16D0     16D0        4         0
                text31                             16CC     16CC        4         0
                text30                             1698     1698        8         0
                text29                             16C8     16C8        4         0
                text28                             1386     1386       5C         0
                text27                             1690     1690        8         0
                text26                             165A     165A        C         0
                text25                             164E     164E        C         0
                text24                             12B2     12B2       74         0
                text23                             1686     1686        A         0
                text22                             167C     167C        A         0
                text21                             1642     1642        C         0
                text20                             1636     1636        C         0
                text19                             1326     1326       60         0
                text18                             15D2     15D2       14         0
                text17                             15BE     15BE       14         0
                text16                             15AA     15AA       14         0
                text15                             1210     1210       A2         0
                text14                             1480     1480       40         0
                text13                             1516     1516       2A         0
                text12                             16C4     16C4        4         0
                text11                             1672     1672        A         0
                text10                             13E2     13E2       58         0
                text9                              158A     158A       20         0
                text8                              1568     1568       22         0
                text7                              1540     1540       28         0
                text6                              1628     1628        E         0
                text5                              161A     161A        E         0
                text4                              160C     160C        E         0
                text3                              143A     143A       46         0
                text2                              115A     115A       B6         0
                text1                              15FA     15FA       12         0
                text0                               F3C      F3C      21E         0
                cinit                              14EC     14EC       2A         0
                idataCOMRAM                        16DC     16DC        2         0

        CLASS   CONST          

        CLASS   SMALLCONST     
                smallconst                          F00      F00       3C         0

        CLASS   MEDIUMCONST    

        CLASS   COMRAM         
                cstackCOMRAM                         1B       1B        C         1
                dataCOMRAM                           27       27        2         1
                bssCOMRAM                             1        1       1A         1

        CLASS   ABS1           

        CLASS   BIGRAM         

        CLASS   RAM            

        CLASS   BANK0          

        CLASS   BANK1          

        CLASS   BANK2          

        CLASS   BANK3          

        CLASS   BANK4          

        CLASS   BANK5          

        CLASS   BANK6          

        CLASS   BANK7          

        CLASS   BANK8          

        CLASS   BANK9          

        CLASS   BANK10         

        CLASS   BANK11         

        CLASS   BANK12         

        CLASS   BANK13         

        CLASS   BANK14         

        CLASS   SFR            

        CLASS   CONFIG         
                config                           300000   300000        C         4

        CLASS   IDLOC          
                idloc                            200000   200000      100         5

        CLASS   EEDATA         

        CLASS   FARRAM         



SEGMENTS        Name                           Load    Length   Top    Selector   Space  Class

                reset_vec                      000000  000004  000004         0       0  CODE    
                bssCOMRAM                      000001  000028  000029         1       1  COMRAM  
                smallconst                     000F00  00003C  000F3C       780       0  SMALLCON
                text0                          000F3C  0007A4  0016E0       79E       0  CODE    


UNUSED ADDRESS RANGES

        Name                Unused          Largest block    Delta
        BANK0            000060-0000FF               A0
        BANK1            000100-0001FF              100
        BANK10           000A00-000AFF              100
        BANK11           000B00-000BFF              100
        BANK12           000C00-000CFF              100
        BANK13           000D00-000DFF              100
        BANK14           000E00-000E1E               1F
        BANK2            000200-0002FF              100
        BANK3            000300-0003FF              100
        BANK4            000400-0004FF              100
        BANK5            000500-0005FF              100
        BANK6            000600-0006FF              100
        BANK7            000700-0007FF              100
        BANK8            000800-0008FF              100
        BANK9            000900-0009FF              100
        BIGRAM           000029-000E1E              DF6
        CODE             000004-000EFF              EFC
                         0016E0-01FFFF            1E920
        COMRAM           000029-00005F               37
        CONST            000004-000EFF              EFC
                         0016E0-01FFFF            1E920
        EEDATA           310000-3103FF              400
        MEDIUMCONST      0016E0-00FFFF             E920
                         010F00-01FFFF             F100
        RAM              000060-000E1E              100
        SFR              000E1F-000FFF               E1
        SMALLCONST       0016E0-01FFFF              100
        STACK            000060-000E1E              DBF

                                  Symbol Table

I2C1_CallbackRegister@callbackHandler     cstackCOMRAM 00001B
I2C1_DataTransmit@data                    cstackCOMRAM 00001B
I2C1_EVENT_ERROR@retEventState            cstackCOMRAM 00001B
I2C1_EVENT_NACK@retEventState             cstackCOMRAM 00001B
I2C1_EVENT_RX@retEventState               cstackCOMRAM 00001B
I2C1_EVENT_TX@retEventState               cstackCOMRAM 00001C
I2C1_ErrorGet@retErrorState               cstackCOMRAM 00001B
I2C1_Write@address                        cstackCOMRAM 00001C
I2C1_Write@data                           cstackCOMRAM 00001E
I2C1_Write@dataLength                     cstackCOMRAM 000020
I2C1_Write@retStatus                      cstackCOMRAM 000022
INT0_SetInterruptHandler@InterruptHandler cstackCOMRAM 00001B
INT1_SetInterruptHandler@InterruptHandler cstackCOMRAM 00001B
INT2_SetInterruptHandler@InterruptHandler cstackCOMRAM 00001B
_ANSELA                                   (abs)        000F0C
_ANSELB                                   (abs)        000F14
_ANSELC                                   (abs)        000F1C
_ANSELD                                   (abs)        000F21
_ANSELE                                   (abs)        000F29
_CLOCK_Initialize                         text9        00158A
_I2C                                      dataCOMRAM   000027
_I2C1_AckSend                             text36       0016A6
_I2C1_BusReset                            text42       0016BE
_I2C1_Callback                            bssCOMRAM    000018
_I2C1_CallbackRegister                    text8        001568
_I2C1_Close                               text38       0014C0
_I2C1_DataReceive                         text35       0016D4
_I2C1_DataTransmit                        text30       001698
_I2C1_DefaultCallback                     text43       0016DE
_I2C1_Deinitialize                        (abs)        000000
_I2C1_EVENT_ERROR                         text22       00167C
_I2C1_EVENT_IDLE                          text27       001690
_I2C1_EVENT_NACK                          text23       001686
_I2C1_EVENT_RESET                         text20       001636
_I2C1_EVENT_RX                            text24       0012B2
_I2C1_EVENT_SEND_RD_ADDR                  text26       00165A
_I2C1_EVENT_SEND_WR_ADDR                  text25       00164E
_I2C1_EVENT_STOP                          text21       001642
_I2C1_EVENT_TX                            text28       001386
_I2C1_ErrorEventHandler                   text19       001326
_I2C1_ErrorGet                            text44       001666
_I2C1_ErrorInterruptClear                 text41       0016B8
_I2C1_EventHandler                        text15       001210
_I2C1_Initialize                          text7        001540
_I2C1_InterruptClear                      text40       0016B2
_I2C1_IsAddr                              text18       0015D2
_I2C1_IsBusy                              text13       001516
_I2C1_IsBusy$799                          cstackCOMRAM 00001B
_I2C1_IsData                              text17       0015BE
_I2C1_IsNack                              text16       0015AA
_I2C1_IsRxBufFull                         text34       0015E6
_I2C1_NackSend                            text33       0016A0
_I2C1_Read                                (abs)        000000
_I2C1_ReceiveEnable                       text32       0016D0
_I2C1_RestartDisable                      text31       0016CC
_I2C1_RestartEnable                       text29       0016C8
_I2C1_StartSend                           text12       0016C4
_I2C1_StatusFlagsClear                    text39       0016AC
_I2C1_StopSend                            text37       0016D8
_I2C1_Tasks                               text14       001480
_I2C1_Write                               text10       0013E2
_I2C1_WriteRead                           (abs)        000000
_I2C1_WriteStart                          text11       001672
_INLVLA                                   (abs)        000F08
_INLVLB                                   (abs)        000F10
_INLVLC                                   (abs)        000F18
_INLVLD                                   (abs)        000F1D
_INLVLE                                   (abs)        000F25
_INT0_DefaultInterruptHandler             (abs)        000000
_INT0_InterruptHandler                    bssCOMRAM    000015
_INT0_SetInterruptHandler                 text6        001628
_INT1_DefaultInterruptHandler             (abs)        000000
_INT1_InterruptHandler                    bssCOMRAM    000012
_INT1_SetInterruptHandler                 text5        00161A
_INT2_DefaultInterruptHandler             (abs)        000000
_INT2_InterruptHandler                    bssCOMRAM    00000F
_INT2_SetInterruptHandler                 text4        00160C
_INTCONbits                               (abs)        000FF2
_INTERRUPT_Initialize                     text3        00143A
_IOCAF                                    (abs)        000F05
_IOCAN                                    (abs)        000F06
_IOCAP                                    (abs)        000F07
_IOCBF                                    (abs)        000F0D
_IOCBN                                    (abs)        000F0E
_IOCBP                                    (abs)        000F0F
_IOCCF                                    (abs)        000F15
_IOCCN                                    (abs)        000F16
_IOCCP                                    (abs)        000F17
_IOCEF                                    (abs)        000F22
_IOCEN                                    (abs)        000F23
_IOCEP                                    (abs)        000F24
_LATA                                     (abs)        000F82
_LATB                                     (abs)        000F83
_LATC                                     (abs)        000F84
_LATD                                     (abs)        000F85
_LATE                                     (abs)        000F86
_ODCONA                                   (abs)        000F0A
_ODCONB                                   (abs)        000F12
_ODCONC                                   (abs)        000F1A
_ODCOND                                   (abs)        000F1F
_ODCONE                                   (abs)        000F27
_OSCCON1                                  (abs)        000ED3
_OSCCON2                                  (abs)        000ED4
_OSCCON3                                  (abs)        000ED5
_OSCEN                                    (abs)        000ED7
_OSCFRQ                                   (abs)        000ED9
_OSCSTAT                                  (abs)        000ED6
_OSCTUNE                                  (abs)        000ED8
_PIN_MANAGER_Initialize                   text2        00115A
_PIR0bits                                 (abs)        000EC5
_PIR3bits                                 (abs)        000EC8
_RB1PPS                                   (abs)        000EEB
_RB2PPS                                   (abs)        000EEC
_SLRCONA                                  (abs)        000F09
_SLRCONB                                  (abs)        000F11
_SLRCONC                                  (abs)        000F19
_SLRCOND                                  (abs)        000F1E
_SLRCONE                                  (abs)        000F26
_SSP1ADD                                  (abs)        000F92
_SSP1BUF                                  (abs)        000F91
_SSP1CLKPPS                               (abs)        000EB2
_SSP1CON1                                 (abs)        000F95
_SSP1CON1bits                             (abs)        000F95
_SSP1CON2                                 (abs)        000F96
_SSP1CON2bits                             (abs)        000F96
_SSP1CON3                                 (abs)        000F97
_SSP1DATPPS                               (abs)        000EB3
_SSP1STAT                                 (abs)        000F94
_SSP1STATbits                             (abs)        000F94
_SYSTEM_Initialize                        text1        0015FA
_TRISA                                    (abs)        000F87
_TRISB                                    (abs)        000F88
_TRISC                                    (abs)        000F89
_TRISD                                    (abs)        000F8A
_TRISE                                    (abs)        000F8B
_WPUA                                     (abs)        000F0B
_WPUB                                     (abs)        000F13
_WPUC                                     (abs)        000F1B
_WPUD                                     (abs)        000F20
_WPUE                                     (abs)        000F28
__HRAM                                    (abs)        000000
__Habs1                                   abs1         000000
__Hbank0                                  bank0        000000
__Hbank1                                  bank1        000000
__Hbank10                                 bank10       000000
__Hbank11                                 bank11       000000
__Hbank12                                 bank12       000000
__Hbank13                                 bank13       000000
__Hbank14                                 bank14       000000
__Hbank2                                  bank2        000000
__Hbank3                                  bank3        000000
__Hbank4                                  bank4        000000
__Hbank5                                  bank5        000000
__Hbank6                                  bank6        000000
__Hbank7                                  bank7        000000
__Hbank8                                  bank8        000000
__Hbank9                                  bank9        000000
__Hbigbss                                 bigbss       000000
__Hbigdata                                bigdata      000000
__Hbigram                                 bigram       000000
__Hbss                                    bss          000000
__HbssCOMRAM                              bssCOMRAM    000000
__Hcinit                                  cinit        000000
__Hclrtext                                clrtext      000000
__Hcomram                                 comram       000000
__Hconfig                                 config       30000C
__Hconst                                  const        000000
__HcstackCOMRAM                           cstackCOMRAM 000000
__Hdata                                   data         000000
__HdataCOMRAM                             dataCOMRAM   000000
__Heeprom_data                            eeprom_data  000000
__Hfarbss                                 farbss       000000
__Hfardata                                fardata      000000
__Hibigdata                               ibigdata     000000
__Hidata                                  idata        000000
__HidataCOMRAM                            idataCOMRAM  000000
__Hidloc                                  idloc        200100
__Hifardata                               ifardata     000000
__Hinit                                   init         000004
__Hintcode                                intcode      000000
__Hintcode_body                           intcode_body 000000
__Hintcodelo                              intcodelo    000000
__Hintentry                               intentry     000000
__Hintret                                 intret       000000
__Hintsave_regs                           intsave_regs 000000
__Hirdata                                 irdata       000000
__Hmediumconst                            mediumconst  000000
__HnvFARRAM                               nvFARRAM     000000
__Hnvbit                                  nvbit        000000
__Hnvrram                                 nvrram       000000
__Hparam                                  rparam       000000
__Hpowerup                                powerup      000000
__Hram                                    ram          000000
__Hramtop                                 ramtop       000F00
__Hrbit                                   rbit         000000
__Hrbss                                   rbss         000000
__Hrdata                                  rdata        000000
__Hreset_vec                              reset_vec    000000
__Hrparam                                 rparam       000000
__Hsfr                                    sfr          000000
__Hsmallconst                             smallconst   000F3C
__Hspace_0                                (abs)        0016E0
__Hspace_1                                (abs)        000029
__Hspace_2                                (abs)        000000
__Hspace_4                                (abs)        60000C
__Hstack                                  stack        000000
__Hstruct                                 struct       000000
__Htemp                                   temp         000000
__Htext                                   text         000000
__Htext0                                  text0        000000
__Htext1                                  text1        000000
__Htext10                                 text10       000000
__Htext11                                 text11       000000
__Htext12                                 text12       000000
__Htext13                                 text13       000000
__Htext14                                 text14       000000
__Htext15                                 text15       000000
__Htext16                                 text16       000000
__Htext17                                 text17       000000
__Htext18                                 text18       000000
__Htext19                                 text19       000000
__Htext2                                  text2        000000
__Htext20                                 text20       000000
__Htext21                                 text21       000000
__Htext22                                 text22       000000
__Htext23                                 text23       000000
__Htext24                                 text24       000000
__Htext25                                 text25       000000
__Htext26                                 text26       000000
__Htext27                                 text27       000000
__Htext28                                 text28       000000
__Htext29                                 text29       000000
__Htext3                                  text3        000000
__Htext30                                 text30       000000
__Htext31                                 text31       000000
__Htext32                                 text32       000000
__Htext33                                 text33       000000
__Htext34                                 text34       000000
__Htext35                                 text35       000000
__Htext36                                 text36       000000
__Htext37                                 text37       000000
__Htext38                                 text38       000000
__Htext39                                 text39       000000
__Htext4                                  text4        000000
__Htext40                                 text40       000000
__Htext41                                 text41       000000
__Htext42                                 text42       000000
__Htext43                                 text43       000000
__Htext44                                 text44       000000
__Htext45                                 text45       000000
__Htext5                                  text5        000000
__Htext6                                  text6        000000
__Htext7                                  text7        000000
__Htext8                                  text8        000000
__Htext9                                  text9        000000
__LRAM                                    (abs)        000001
__Labs1                                   abs1         000000
__Lbank0                                  bank0        000000
__Lbank1                                  bank1        000000
__Lbank10                                 bank10       000000
__Lbank11                                 bank11       000000
__Lbank12                                 bank12       000000
__Lbank13                                 bank13       000000
__Lbank14                                 bank14       000000
__Lbank2                                  bank2        000000
__Lbank3                                  bank3        000000
__Lbank4                                  bank4        000000
__Lbank5                                  bank5        000000
__Lbank6                                  bank6        000000
__Lbank7                                  bank7        000000
__Lbank8                                  bank8        000000
__Lbank9                                  bank9        000000
__Lbigbss                                 bigbss       000000
__Lbigdata                                bigdata      000000
__Lbigram                                 bigram       000000
__Lbss                                    bss          000000
__LbssCOMRAM                              bssCOMRAM    000000
__Lcinit                                  cinit        000000
__Lclrtext                                clrtext      000000
__Lcomram                                 comram       000000
__Lconfig                                 config       000000
__Lconst                                  const        000000
__LcstackCOMRAM                           cstackCOMRAM 000000
__Ldata                                   data         000000
__LdataCOMRAM                             dataCOMRAM   000000
__Leeprom_data                            eeprom_data  000000
__Lfarbss                                 farbss       000000
__Lfardata                                fardata      000000
__Libigdata                               ibigdata     000000
__Lidata                                  idata        000000
__LidataCOMRAM                            idataCOMRAM  000000
__Lidloc                                  idloc        000000
__Lifardata                               ifardata     000000
__Linit                                   init         000000
__Lintcode                                intcode      000000
__Lintcode_body                           intcode_body 000000
__Lintcodelo                              intcodelo    000000
__Lintentry                               intentry     000000
__Lintret                                 intret       000000
__Lintsave_regs                           intsave_regs 000000
__Lirdata                                 irdata       000000
__Lmediumconst                            mediumconst  000000
__LnvFARRAM                               nvFARRAM     000000
__Lnvbit                                  nvbit        000000
__Lnvrram                                 nvrram       000000
__Lparam                                  rparam       000000
__Lpowerup                                powerup      000000
__Lram                                    ram          000000
__Lramtop                                 ramtop       000F00
__Lrbit                                   rbit         000000
__Lrbss                                   rbss         000000
__Lrdata                                  rdata        000000
__Lreset_vec                              reset_vec    000000
__Lrparam                                 rparam       000000
__Lsfr                                    sfr          000000
__Lsmallconst                             smallconst   000F00
__Lspace_0                                (abs)        000000
__Lspace_1                                (abs)        000000
__Lspace_2                                (abs)        000000
__Lspace_4                                (abs)        000000
__Lstack                                  stack        000000
__Lstruct                                 struct       000000
__Ltemp                                   temp         000000
__Ltext                                   text         000000
__Ltext0                                  text0        000000
__Ltext1                                  text1        000000
__Ltext10                                 text10       000000
__Ltext11                                 text11       000000
__Ltext12                                 text12       000000
__Ltext13                                 text13       000000
__Ltext14                                 text14       000000
__Ltext15                                 text15       000000
__Ltext16                                 text16       000000
__Ltext17                                 text17       000000
__Ltext18                                 text18       000000
__Ltext19                                 text19       000000
__Ltext2                                  text2        000000
__Ltext20                                 text20       000000
__Ltext21                                 text21       000000
__Ltext22                                 text22       000000
__Ltext23                                 text23       000000
__Ltext24                                 text24       000000
__Ltext25                                 text25       000000
__Ltext26                                 text26       000000
__Ltext27                                 text27       000000
__Ltext28                                 text28       000000
__Ltext29                                 text29       000000
__Ltext3                                  text3        000000
__Ltext30                                 text30       000000
__Ltext31                                 text31       000000
__Ltext32                                 text32       000000
__Ltext33                                 text33       000000
__Ltext34                                 text34       000000
__Ltext35                                 text35       000000
__Ltext36                                 text36       000000
__Ltext37                                 text37       000000
__Ltext38                                 text38       000000
__Ltext39                                 text39       000000
__Ltext4                                  text4        000000
__Ltext40                                 text40       000000
__Ltext41                                 text41       000000
__Ltext42                                 text42       000000
__Ltext43                                 text43       000000
__Ltext44                                 text44       000000
__Ltext45                                 text45       000000
__Ltext5                                  text5        000000
__Ltext6                                  text6        000000
__Ltext7                                  text7        000000
__Ltext8                                  text8        000000
__Ltext9                                  text9        000000
__S0                                      (abs)        0016E0
__S1                                      (abs)        000029
__S2                                      (abs)        000000
__S4                                      (abs)        000000
__S5                                      (abs)        000000
___inthi_sp                               stack        000000
___intlo_sp                               stack        000000
___param_bank                             (abs)        000000
___rparam_used                            (abs)        000001
___sp                                     stack        000000
__accesstop                               (abs)        000060
__activetblptr                            (abs)        000003
__end_of_CLOCK_Initialize                 text9        0015AA
__end_of_I2C1_AckSend                     text36       0016AC
__end_of_I2C1_BusReset                    text42       0016C4
__end_of_I2C1_CallbackRegister            text8        00158A
__end_of_I2C1_Close                       text38       0014EC
__end_of_I2C1_DataReceive                 text35       0016D8
__end_of_I2C1_DataTransmit                text30       0016A0
__end_of_I2C1_DefaultCallback             text43       0016E0
__end_of_I2C1_EVENT_ERROR                 text22       001686
__end_of_I2C1_EVENT_IDLE                  text27       001698
__end_of_I2C1_EVENT_NACK                  text23       001690
__end_of_I2C1_EVENT_RESET                 text20       001642
__end_of_I2C1_EVENT_RX                    text24       001326
__end_of_I2C1_EVENT_SEND_RD_ADDR          text26       001666
__end_of_I2C1_EVENT_SEND_WR_ADDR          text25       00165A
__end_of_I2C1_EVENT_STOP                  text21       00164E
__end_of_I2C1_EVENT_TX                    text28       0013E2
__end_of_I2C1_ErrorEventHandler           text19       001386
__end_of_I2C1_ErrorGet                    text44       001672
__end_of_I2C1_ErrorInterruptClear         text41       0016BE
__end_of_I2C1_EventHandler                text15       0012B2
__end_of_I2C1_Initialize                  text7        001568
__end_of_I2C1_InterruptClear              text40       0016B8
__end_of_I2C1_IsAddr                      text18       0015E6
__end_of_I2C1_IsBusy                      text13       001540
__end_of_I2C1_IsData                      text17       0015D2
__end_of_I2C1_IsNack                      text16       0015BE
__end_of_I2C1_IsRxBufFull                 text34       0015FA
__end_of_I2C1_NackSend                    text33       0016A6
__end_of_I2C1_ReceiveEnable               text32       0016D4
__end_of_I2C1_RestartDisable              text31       0016D0
__end_of_I2C1_RestartEnable               text29       0016CC
__end_of_I2C1_StartSend                   text12       0016C8
__end_of_I2C1_StatusFlagsClear            text39       0016B2
__end_of_I2C1_StopSend                    text37       0016DC
__end_of_I2C1_Tasks                       text14       0014C0
__end_of_I2C1_Write                       text10       00143A
__end_of_I2C1_WriteStart                  text11       00167C
__end_of_INT0_SetInterruptHandler         text6        001636
__end_of_INT1_SetInterruptHandler         text5        001628
__end_of_INT2_SetInterruptHandler         text4        00161A
__end_of_INTERRUPT_Initialize             text3        001480
__end_of_PIN_MANAGER_Initialize           text2        001210
__end_of_SYSTEM_Initialize                text1        00160C
__end_of__initialization                  cinit        001510
__end_of_i2c1_eventTable                  smallconst   000F1C
__end_of_i2c1_host_interface              smallconst   000F3A
__end_of_main                             text0        00115A
__initialization                          cinit        0014EC
__mediumconst                             mediumconst  000000
__pbssCOMRAM                              bssCOMRAM    000001
__pcinit                                  cinit        0014EC
__pcstackCOMRAM                           cstackCOMRAM 00001B
__pdataCOMRAM                             dataCOMRAM   000027
__pidataCOMRAM                            idataCOMRAM  0016DC
__psmallconst                             smallconst   000F00
__ptext0                                  text0        000F3C
__ptext1                                  text1        0015FA
__ptext10                                 text10       0013E2
__ptext11                                 text11       001672
__ptext12                                 text12       0016C4
__ptext13                                 text13       001516
__ptext14                                 text14       001480
__ptext15                                 text15       001210
__ptext16                                 text16       0015AA
__ptext17                                 text17       0015BE
__ptext18                                 text18       0015D2
__ptext19                                 text19       001326
__ptext2                                  text2        00115A
__ptext20                                 text20       001636
__ptext21                                 text21       001642
__ptext22                                 text22       00167C
__ptext23                                 text23       001686
__ptext24                                 text24       0012B2
__ptext25                                 text25       00164E
__ptext26                                 text26       00165A
__ptext27                                 text27       001690
__ptext28                                 text28       001386
__ptext29                                 text29       0016C8
__ptext3                                  text3        00143A
__ptext30                                 text30       001698
__ptext31                                 text31       0016CC
__ptext32                                 text32       0016D0
__ptext33                                 text33       0016A0
__ptext34                                 text34       0015E6
__ptext35                                 text35       0016D4
__ptext36                                 text36       0016A6
__ptext37                                 text37       0016D8
__ptext38                                 text38       0014C0
__ptext39                                 text39       0016AC
__ptext4                                  text4        00160C
__ptext40                                 text40       0016B2
__ptext41                                 text41       0016B8
__ptext42                                 text42       0016BE
__ptext43                                 text43       0016DE
__ptext44                                 text44       001666
__ptext45                                 text45       000000
__ptext5                                  text5        00161A
__ptext6                                  text6        001628
__ptext7                                  text7        001540
__ptext8                                  text8        001568
__ptext9                                  text9        00158A
__ramtop                                  ramtop       000F00
__size_of_CLOCK_Initialize                (abs)        000000
__size_of_I2C1_AckSend                    (abs)        000000
__size_of_I2C1_BusReset                   (abs)        000000
__size_of_I2C1_CallbackRegister           (abs)        000000
__size_of_I2C1_Close                      (abs)        000000
__size_of_I2C1_DataReceive                (abs)        000000
__size_of_I2C1_DataTransmit               (abs)        000000
__size_of_I2C1_DefaultCallback            (abs)        000000
__size_of_I2C1_EVENT_ERROR                (abs)        000000
__size_of_I2C1_EVENT_IDLE                 (abs)        000000
__size_of_I2C1_EVENT_NACK                 (abs)        000000
__size_of_I2C1_EVENT_RESET                (abs)        000000
__size_of_I2C1_EVENT_RX                   (abs)        000000
__size_of_I2C1_EVENT_SEND_RD_ADDR         (abs)        000000
__size_of_I2C1_EVENT_SEND_WR_ADDR         (abs)        000000
__size_of_I2C1_EVENT_STOP                 (abs)        000000
__size_of_I2C1_EVENT_TX                   (abs)        000000
__size_of_I2C1_ErrorEventHandler          (abs)        000000
__size_of_I2C1_ErrorGet                   (abs)        000000
__size_of_I2C1_ErrorInterruptClear        (abs)        000000
__size_of_I2C1_EventHandler               (abs)        000000
__size_of_I2C1_Initialize                 (abs)        000000
__size_of_I2C1_InterruptClear             (abs)        000000
__size_of_I2C1_IsAddr                     (abs)        000000
__size_of_I2C1_IsBusy                     (abs)        000000
__size_of_I2C1_IsData                     (abs)        000000
__size_of_I2C1_IsNack                     (abs)        000000
__size_of_I2C1_IsRxBufFull                (abs)        000000
__size_of_I2C1_NackSend                   (abs)        000000
__size_of_I2C1_ReceiveEnable              (abs)        000000
__size_of_I2C1_RestartDisable             (abs)        000000
__size_of_I2C1_RestartEnable              (abs)        000000
__size_of_I2C1_StartSend                  (abs)        000000
__size_of_I2C1_StatusFlagsClear           (abs)        000000
__size_of_I2C1_StopSend                   (abs)        000000
__size_of_I2C1_Tasks                      (abs)        000000
__size_of_I2C1_Write                      (abs)        000000
__size_of_I2C1_WriteStart                 (abs)        000000
__size_of_INT0_SetInterruptHandler        (abs)        000000
__size_of_INT1_SetInterruptHandler        (abs)        000000
__size_of_INT2_SetInterruptHandler        (abs)        000000
__size_of_INTERRUPT_Initialize            (abs)        000000
__size_of_PIN_MANAGER_Initialize          (abs)        000000
__size_of_SYSTEM_Initialize               (abs)        000000
__size_of_main                            (abs)        000000
__smallconst                              smallconst   000F00
_i2c1Status                               bssCOMRAM    000001
_i2c1_eventTable                          smallconst   000F01
_i2c1_host_interface                      smallconst   000F1C
_main                                     text0        000F3C
end_of_initialization                     cinit        001510
intlevel0                                 text         000000
intlevel1                                 text         000000
intlevel2                                 text         000000
intlevel3                                 text         000000
isa$std                                   (abs)        000001
isa$xinst                                 (abs)        000000
main@data                                 cstackCOMRAM 000025
stackhi                                   (abs)        000E1E
stacklo                                   (abs)        000060
start                                     init         000000
start_initialization                      cinit        0014EC


MODULE INFORMATION

Module		Function		Class		Link	Load	Size
mcc_generated_files/system/src/interrupt.c
		_INT0_SetInterruptHandler		CODE           	1628	0000	14
		_INT1_SetInterruptHandler		CODE           	161A	0000	14
		_INT2_SetInterruptHandler		CODE           	160C	0000	14
		_INTERRUPT_Initialize		CODE           	143A	0000	70

mcc_generated_files/system/src/interrupt.c estimated size: 112

mcc_generated_files/i2c_host/src/mssp1.c
		_I2C1_Tasks    		CODE           	1480	0000	64
		_I2C1_EVENT_SEND_WR_ADDR		CODE           	164E	0000	12
		_I2C1_NackSend 		CODE           	16A0	0000	6
		_I2C1_ErrorEventHandler		CODE           	1326	0000	96
		_I2C1_CallbackRegister		CODE           	1568	0000	34
		_I2C1_EVENT_RESET		CODE           	1636	0000	12
		_I2C1_EVENT_ERROR		CODE           	167C	0000	10
		_I2C1_ErrorInterruptClear		CODE           	16B8	0000	6
		_I2C1_StatusFlagsClear		CODE           	16AC	0000	6
		_I2C1_InterruptClear		CODE           	16B2	0000	6
		_I2C1_WriteStart		CODE           	1672	0000	10
		_I2C1_EVENT_RX 		CODE           	12B2	0000	116
		_I2C1_EVENT_TX 		CODE           	1386	0000	92
		_I2C1_ReceiveEnable		CODE           	16D0	0000	4
		_I2C1_RestartEnable		CODE           	16C8	0000	4
		_I2C1_EventHandler		CODE           	1210	0000	162
		_I2C1_DataReceive		CODE           	16D4	0000	4
		_I2C1_IsData   		CODE           	15BE	0000	20
		_I2C1_IsNack   		CODE           	15AA	0000	20
		_I2C1_IsAddr   		CODE           	15D2	0000	20
		_I2C1_IsBusy   		CODE           	1516	0000	42
		_I2C1_EVENT_IDLE		CODE           	1690	0000	8
		_I2C1_EVENT_NACK		CODE           	1686	0000	10
		_I2C1_ErrorGet 		CODE           	1666	0000	12
		_I2C1_EVENT_SEND_RD_ADDR		CODE           	165A	0000	12
		_I2C1_EVENT_STOP		CODE           	1642	0000	12
		_I2C1_BusReset 		CODE           	16BE	0000	6
		_I2C1_Initialize		CODE           	1540	0000	40
		_I2C1_Close    		CODE           	14C0	0000	44
		_I2C1_IsRxBufFull		CODE           	15E6	0000	20
		_I2C1_Write    		CODE           	13E2	0000	88
		_I2C1_StopSend 		CODE           	16D8	0000	4
		_I2C1_RestartDisable		CODE           	16CC	0000	4
		_I2C1_DataTransmit		CODE           	1698	0000	8
		_I2C1_AckSend  		CODE           	16A6	0000	6
		_I2C1_DefaultCallback		CODE           	16DE	0000	2
		_I2C1_StartSend		CODE           	16C4	0000	4

mcc_generated_files/i2c_host/src/mssp1.c estimated size: 1026

mcc_generated_files/system/src/pins.c
		_PIN_MANAGER_Initialize		CODE           	115A	0000	182

mcc_generated_files/system/src/pins.c estimated size: 182

shared
		__initialization		CODE           	14EC	0000	36
		_i2c1_eventTable		SMALLCONST     	0F01	0000	27
		_i2c1_host_interface		SMALLCONST     	0F1C	0000	30

shared estimated size: 93

mcc_generated_files/system/src/clock.c
		_CLOCK_Initialize		CODE           	158A	0000	32

mcc_generated_files/system/src/clock.c estimated size: 32

main.c
		_main          		CODE           	0F3C	0000	542

main.c estimated size: 542

mcc_generated_files/system/src/system.c
		_SYSTEM_Initialize		CODE           	15FA	0000	18

mcc_generated_files/system/src/system.c estimated size: 18

